2026-09-04 08:49:59.695: [INFO] CurrentProfilePath: D:\R3Trading\.metadata\.plugins\org.eclipse.swt\EBWebView\Default
2026-09-04 08:49:59.695: [INFO] Profiles total count: 1
2026-09-04 08:49:59.695: [INFO] Profile: name=Profile 1 path=D:\R3Trading\.metadata\.plugins\org.eclipse.swt\EBWebView\Default lastActive=null
2026-09-04 08:49:59.695: [INFO] LastUsedProfileDir: D:\R3Trading\.metadata\.plugins\org.eclipse.swt\EBWebView\Default
2026-09-04 08:49:59.695: [INFO] OnDoneLoading sync enabled: 0
2026-09-04 08:49:59.695: [INFO] BookmarkModelLoaded, ids_reassigned: 0
2026-09-04 08:49:59.695: [INFO] BookmarksLoadDropped droppedNodes=0
2026-09-04 08:49:59.695: [INFO] BookmarksSnapshot Startup total=0 bar=0 other=0 mobile=0 showBar=0 showBarNTP=1
2026-09-04 09:11:47.372: [INFO] BookmarksSnapshot Shutdown total=0 bar=0 other=0 mobile=0 showBar=0 showBarNTP=1
2026-09-04 10:05:06.957: [INFO] CurrentProfilePath: D:\R3Trading\.metadata\.plugins\org.eclipse.swt\EBWebView\Default
2026-09-04 10:05:06.957: [INFO] Profiles total count: 1
2026-09-04 10:05:06.957: [INFO] Profile: name=Profile 1 path=D:\R3Trading\.metadata\.plugins\org.eclipse.swt\EBWebView\Default lastActive=null
2026-09-04 10:05:06.957: [INFO] LastUsedProfileDir: D:\R3Trading\.metadata\.plugins\org.eclipse.swt\EBWebView\Default
2026-09-04 10:05:06.957: [INFO] OnDoneLoading sync enabled: 0
2026-09-04 10:05:06.957: [INFO] BookmarkModelLoaded, ids_reassigned: 0
2026-09-04 10:05:06.957: [INFO] BookmarksLoadDropped droppedNodes=0
2026-09-04 10:05:06.957: [INFO] BookmarksSnapshot Startup total=0 bar=0 other=0 mobile=0 showBar=0 showBarNTP=1
2026-09-04 10:27:13.620: [INFO] BookmarksSnapshot Shutdown total=0 bar=0 other=0 mobile=0 showBar=0 showBarNTP=1
2026-09-04 10:46:11.540: [INFO] CurrentProfilePath: D:\R3Trading\.metadata\.plugins\org.eclipse.swt\EBWebView\Default
2026-09-04 10:46:11.540: [INFO] Profiles total count: 1
2026-09-04 10:46:11.540: [INFO] Profile: name=Profile 1 path=D:\R3Trading\.metadata\.plugins\org.eclipse.swt\EBWebView\Default lastActive=null
2026-09-04 10:46:11.540: [INFO] LastUsedProfileDir: D:\R3Trading\.metadata\.plugins\org.eclipse.swt\EBWebView\Default
2026-09-04 10:46:11.540: [INFO] OnDoneLoading sync enabled: 0
2026-09-04 10:46:11.540: [INFO] BookmarkModelLoaded, ids_reassigned: 0
2026-09-04 10:46:11.540: [INFO] BookmarksLoadDropped droppedNodes=0
2026-09-04 10:46:11.540: [INFO] BookmarksSnapshot Startup total=0 bar=0 other=0 mobile=0 showBar=0 showBarNTP=1
2026-09-04 10:46:18.094: [INFO] BookmarksSnapshot Shutdown total=0 bar=0 other=0 mobile=0 showBar=0 showBarNTP=1
2026-09-04 10:46:33.761: [INFO] CurrentProfilePath: D:\R3Trading\.metadata\.plugins\org.eclipse.swt\EBWebView\Default
2026-09-04 10:46:33.761: [INFO] Profiles total count: 1
2026-09-04 10:46:33.761: [INFO] Profile: name=Profile 1 path=D:\R3Trading\.metadata\.plugins\org.eclipse.swt\EBWebView\Default lastActive=null
2026-09-04 10:46:33.761: [INFO] LastUsedProfileDir: D:\R3Trading\.metadata\.plugins\org.eclipse.swt\EBWebView\Default
2026-09-04 10:46:33.762: [INFO] OnDoneLoading sync enabled: 0
2026-09-04 10:46:33.762: [INFO] BookmarkModelLoaded, ids_reassigned: 0
2026-09-04 10:46:33.762: [INFO] BookmarksLoadDropped droppedNodes=0
2026-09-04 10:46:33.762: [INFO] BookmarksSnapshot Startup total=0 bar=0 other=0 mobile=0 showBar=0 showBarNTP=1
2026-09-04 12:22:48.908: [INFO] BookmarksSnapshot Shutdown total=0 bar=0 other=0 mobile=0 showBar=0 showBarNTP=1
